Archive member included because of file (symbol)

d:/engineer programs/amit/tools/sdk_win_64/sdk_win_64/sdk_win_64/winavr/bin/../lib/gcc/avr/4.3.3/avr5\libgcc.a(_udivmodsi4.o)
                              ./HAL/HCLCD/HCLCD_Program.o (__udivmodsi4)
d:/engineer programs/amit/tools/sdk_win_64/sdk_win_64/sdk_win_64/winavr/bin/../lib/gcc/avr/4.3.3/avr5\libgcc.a(_exit.o)
                              d:/engineer programs/amit/tools/sdk_win_64/sdk_win_64/sdk_win_64/winavr/bin/../lib/gcc/avr/4.3.3/../../../../avr/lib/avr5/crtm32.o (exit)
d:/engineer programs/amit/tools/sdk_win_64/sdk_win_64/sdk_win_64/winavr/bin/../lib/gcc/avr/4.3.3/avr5\libgcc.a(_copy_data.o)
                              ./HAL/HKPD/HKPD_Program.o (__do_copy_data)
d:/engineer programs/amit/tools/sdk_win_64/sdk_win_64/sdk_win_64/winavr/bin/../lib/gcc/avr/4.3.3/avr5\libgcc.a(_clear_bss.o)
                              ./MCAL/MUART/MUART_Program.o (__do_clear_bss)
d:/engineer programs/amit/tools/sdk_win_64/sdk_win_64/sdk_win_64/winavr/bin/../lib/gcc/avr/4.3.3/avr5\libgcc.a(_fixunssfsi.o)
                              ./HAL/HSTEPPER/HStepper_Program.o (__fixunssfsi)
d:/engineer programs/amit/tools/sdk_win_64/sdk_win_64/sdk_win_64/winavr/bin/../lib/gcc/avr/4.3.3/avr5\libgcc.a(_addsub_sf.o)
                              d:/engineer programs/amit/tools/sdk_win_64/sdk_win_64/sdk_win_64/winavr/bin/../lib/gcc/avr/4.3.3/avr5\libgcc.a(_fixunssfsi.o) (__subsf3)
d:/engineer programs/amit/tools/sdk_win_64/sdk_win_64/sdk_win_64/winavr/bin/../lib/gcc/avr/4.3.3/avr5\libgcc.a(_mul_sf.o)
                              ./HAL/HSTEPPER/HStepper_Program.o (__mulsf3)
d:/engineer programs/amit/tools/sdk_win_64/sdk_win_64/sdk_win_64/winavr/bin/../lib/gcc/avr/4.3.3/avr5\libgcc.a(_gt_sf.o)
                              ./HAL/HSTEPPER/HStepper_Program.o (__gtsf2)
d:/engineer programs/amit/tools/sdk_win_64/sdk_win_64/sdk_win_64/winavr/bin/../lib/gcc/avr/4.3.3/avr5\libgcc.a(_ge_sf.o)
                              d:/engineer programs/amit/tools/sdk_win_64/sdk_win_64/sdk_win_64/winavr/bin/../lib/gcc/avr/4.3.3/avr5\libgcc.a(_fixunssfsi.o) (__gesf2)
d:/engineer programs/amit/tools/sdk_win_64/sdk_win_64/sdk_win_64/winavr/bin/../lib/gcc/avr/4.3.3/avr5\libgcc.a(_lt_sf.o)
                              ./HAL/HSTEPPER/HStepper_Program.o (__ltsf2)
d:/engineer programs/amit/tools/sdk_win_64/sdk_win_64/sdk_win_64/winavr/bin/../lib/gcc/avr/4.3.3/avr5\libgcc.a(_sf_to_si.o)
                              d:/engineer programs/amit/tools/sdk_win_64/sdk_win_64/sdk_win_64/winavr/bin/../lib/gcc/avr/4.3.3/avr5\libgcc.a(_fixunssfsi.o) (__fixsfsi)
d:/engineer programs/amit/tools/sdk_win_64/sdk_win_64/sdk_win_64/winavr/bin/../lib/gcc/avr/4.3.3/avr5\libgcc.a(_thenan_sf.o)
                              d:/engineer programs/amit/tools/sdk_win_64/sdk_win_64/sdk_win_64/winavr/bin/../lib/gcc/avr/4.3.3/avr5\libgcc.a(_addsub_sf.o) (__thenan_sf)
d:/engineer programs/amit/tools/sdk_win_64/sdk_win_64/sdk_win_64/winavr/bin/../lib/gcc/avr/4.3.3/avr5\libgcc.a(_prologue.o)
                              d:/engineer programs/amit/tools/sdk_win_64/sdk_win_64/sdk_win_64/winavr/bin/../lib/gcc/avr/4.3.3/avr5\libgcc.a(_addsub_sf.o) (__prologue_saves__)
d:/engineer programs/amit/tools/sdk_win_64/sdk_win_64/sdk_win_64/winavr/bin/../lib/gcc/avr/4.3.3/avr5\libgcc.a(_epilogue.o)
                              d:/engineer programs/amit/tools/sdk_win_64/sdk_win_64/sdk_win_64/winavr/bin/../lib/gcc/avr/4.3.3/avr5\libgcc.a(_addsub_sf.o) (__epilogue_restores__)
d:/engineer programs/amit/tools/sdk_win_64/sdk_win_64/sdk_win_64/winavr/bin/../lib/gcc/avr/4.3.3/avr5\libgcc.a(_pack_sf.o)
                              d:/engineer programs/amit/tools/sdk_win_64/sdk_win_64/sdk_win_64/winavr/bin/../lib/gcc/avr/4.3.3/avr5\libgcc.a(_addsub_sf.o) (__pack_f)
d:/engineer programs/amit/tools/sdk_win_64/sdk_win_64/sdk_win_64/winavr/bin/../lib/gcc/avr/4.3.3/avr5\libgcc.a(_unpack_sf.o)
                              d:/engineer programs/amit/tools/sdk_win_64/sdk_win_64/sdk_win_64/winavr/bin/../lib/gcc/avr/4.3.3/avr5\libgcc.a(_addsub_sf.o) (__unpack_f)
d:/engineer programs/amit/tools/sdk_win_64/sdk_win_64/sdk_win_64/winavr/bin/../lib/gcc/avr/4.3.3/avr5\libgcc.a(_fpcmp_parts_sf.o)
                              d:/engineer programs/amit/tools/sdk_win_64/sdk_win_64/sdk_win_64/winavr/bin/../lib/gcc/avr/4.3.3/avr5\libgcc.a(_gt_sf.o) (__fpcmp_parts_f)

Allocating common symbols
Common symbol       size              file

CALLBACK            0x2               ./MCAL/MUART/MUART_Program.o
MADC_CALLBACK       0x2               ./MCAL/MADC/MADC_Program.o
MTIMER2_CALLBACK    0x2               ./MCAL/MTIMER2/MTIMER2_Program.o
MTIMER0_CALLBACK    0x2               ./MCAL/MTIMER0/MTIMER0_Program.o
MSPI_CALLBACK       0x2               ./MCAL/MSPI/MSPI_Program.o
MTIMER1_CALLBACK    0x2               ./MCAL/MTIMER1/MTIMER1_Program.o

Memory Configuration

Name             Origin             Length             Attributes
text             0x00000000         0x00020000         xr
data             0x00800060         0x0000ffa0         rw !x
eeprom           0x00810000         0x00010000         rw !x
fuse             0x00820000         0x00000400         rw !x
lock             0x00830000         0x00000400         rw !x
signature        0x00840000         0x00000400         rw !x
*default*        0x00000000         0xffffffff

Linker script and memory map

LOAD d:/engineer programs/amit/tools/sdk_win_64/sdk_win_64/sdk_win_64/winavr/bin/../lib/gcc/avr/4.3.3/../../../../avr/lib/avr5/crtm32.o
LOAD ./MCAL/MUART/MUART_Program.o
LOAD ./MCAL/MTWI/MI2C_Program.o
LOAD ./MCAL/MTIMER2/MTIMER2_Program.o
LOAD ./MCAL/MTIMER1/MTIMER1_Program.o
LOAD ./MCAL/MTIMER0/MTIMER0_Program.o
LOAD ./MCAL/MSPI/MSPI_Program.o
LOAD ./MCAL/MGIE/MGIE_Program.o
LOAD ./MCAL/MEXTI/MEXTI_Program.o
LOAD ./MCAL/MDIO/MDIO_Program.o
LOAD ./MCAL/MADC/MADC_Program.o
LOAD ./HAL/HSTEPPER/HStepper_Program.o
LOAD ./HAL/HLED/HLED_Program.o
LOAD ./HAL/HKPD/HKPD_Program.o
LOAD ./HAL/HEEPROM/HEEPROM_Program.o
LOAD ./HAL/HCLCD/HCLCD_Program.o
LOAD ./HAL/HBUTTON/HBUTTON_Progam.o
LOAD ./main.o
LOAD d:/engineer programs/amit/tools/sdk_win_64/sdk_win_64/sdk_win_64/winavr/bin/../lib/gcc/avr/4.3.3/avr5\libgcc.a
LOAD d:/engineer programs/amit/tools/sdk_win_64/sdk_win_64/sdk_win_64/winavr/bin/../lib/gcc/avr/4.3.3/../../../../avr/lib/avr5\libc.a
LOAD d:/engineer programs/amit/tools/sdk_win_64/sdk_win_64/sdk_win_64/winavr/bin/../lib/gcc/avr/4.3.3/avr5\libgcc.a

.hash
 *(.hash)

.dynsym
 *(.dynsym)

.dynstr
 *(.dynstr)

.gnu.version
 *(.gnu.version)

.gnu.version_d
 *(.gnu.version_d)

.gnu.version_r
 *(.gnu.version_r)

.rel.init
 *(.rel.init)

.rela.init
 *(.rela.init)

.rel.text
 *(.rel.text)
 *(.rel.text.*)
 *(.rel.gnu.linkonce.t*)

.rela.text
 *(.rela.text)
 *(.rela.text.*)
 *(.rela.gnu.linkonce.t*)

.rel.fini
 *(.rel.fini)

.rela.fini
 *(.rela.fini)

.rel.rodata
 *(.rel.rodata)
 *(.rel.rodata.*)
 *(.rel.gnu.linkonce.r*)

.rela.rodata
 *(.rela.rodata)
 *(.rela.rodata.*)
 *(.rela.gnu.linkonce.r*)

.rel.data
 *(.rel.data)
 *(.rel.data.*)
 *(.rel.gnu.linkonce.d*)

.rela.data
 *(.rela.data)
 *(.rela.data.*)
 *(.rela.gnu.linkonce.d*)

.rel.ctors
 *(.rel.ctors)

.rela.ctors
 *(.rela.ctors)

.rel.dtors
 *(.rel.dtors)

.rela.dtors
 *(.rela.dtors)

.rel.got
 *(.rel.got)

.rela.got
 *(.rela.got)

.rel.bss
 *(.rel.bss)

.rela.bss
 *(.rela.bss)

.rel.plt
 *(.rel.plt)

.rela.plt
 *(.rela.plt)

.text           0x00000000     0x433a
 *(.vectors)
 .vectors       0x00000000       0x54 d:/engineer programs/amit/tools/sdk_win_64/sdk_win_64/sdk_win_64/winavr/bin/../lib/gcc/avr/4.3.3/../../../../avr/lib/avr5/crtm32.o
                0x00000000                __vectors
                0x00000000                __vector_default
 *(.vectors)
 *(.progmem.gcc*)
 *(.progmem*)
                0x00000054                . = ALIGN (0x2)
                0x00000054                __trampolines_start = .
 *(.trampolines)
 .trampolines   0x00000054        0x0 linker stubs
 *(.trampolines*)
                0x00000054                __trampolines_end = .
 *(.jumptables)
 *(.jumptables*)
 *(.lowtext)
 *(.lowtext*)
                0x00000054                __ctors_start = .
 *(.ctors)
                0x00000054                __ctors_end = .
                0x00000054                __dtors_start = .
 *(.dtors)
                0x00000054                __dtors_end = .
 SORT(*)(.ctors)
 SORT(*)(.dtors)
 *(.init0)
 .init0         0x00000054        0x0 d:/engineer programs/amit/tools/sdk_win_64/sdk_win_64/sdk_win_64/winavr/bin/../lib/gcc/avr/4.3.3/../../../../avr/lib/avr5/crtm32.o
                0x00000054                __init
 *(.init0)
 *(.init1)
 *(.init1)
 *(.init2)
 .init2         0x00000054        0xc d:/engineer programs/amit/tools/sdk_win_64/sdk_win_64/sdk_win_64/winavr/bin/../lib/gcc/avr/4.3.3/../../../../avr/lib/avr5/crtm32.o
 *(.init2)
 *(.init3)
 *(.init3)
 *(.init4)
 .init4         0x00000060       0x16 d:/engineer programs/amit/tools/sdk_win_64/sdk_win_64/sdk_win_64/winavr/bin/../lib/gcc/avr/4.3.3/avr5\libgcc.a(_copy_data.o)
                0x00000060                __do_copy_data
 .init4         0x00000076       0x10 d:/engineer programs/amit/tools/sdk_win_64/sdk_win_64/sdk_win_64/winavr/bin/../lib/gcc/avr/4.3.3/avr5\libgcc.a(_clear_bss.o)
                0x00000076                __do_clear_bss
 *(.init4)
 *(.init5)
 *(.init5)
 *(.init6)
 *(.init6)
 *(.init7)
 *(.init7)
 *(.init8)
 *(.init8)
 *(.init9)
 .init9         0x00000086        0x8 d:/engineer programs/amit/tools/sdk_win_64/sdk_win_64/sdk_win_64/winavr/bin/../lib/gcc/avr/4.3.3/../../../../avr/lib/avr5/crtm32.o
 *(.init9)
 *(.text)
 .text          0x0000008e        0x4 d:/engineer programs/amit/tools/sdk_win_64/sdk_win_64/sdk_win_64/winavr/bin/../lib/gcc/avr/4.3.3/../../../../avr/lib/avr5/crtm32.o
                0x0000008e                __bad_interrupt
                0x0000008e                __vector_17
                0x0000008e                __vector_19
                0x0000008e                __vector_18
                0x0000008e                __vector_20
 .text          0x00000092        0x0 ./MCAL/MUART/MUART_Program.o
 .text          0x00000092        0x0 ./MCAL/MTWI/MI2C_Program.o
 .text          0x00000092        0x0 ./MCAL/MTIMER2/MTIMER2_Program.o
 .text          0x00000092        0x0 ./MCAL/MTIMER1/MTIMER1_Program.o
 .text          0x00000092        0x0 ./MCAL/MTIMER0/MTIMER0_Program.o
 .text          0x00000092        0x0 ./MCAL/MSPI/MSPI_Program.o
 .text          0x00000092        0x0 ./MCAL/MGIE/MGIE_Program.o
 .text          0x00000092        0x0 ./MCAL/MEXTI/MEXTI_Program.o
 .text          0x00000092        0x0 ./MCAL/MDIO/MDIO_Program.o
 .text          0x00000092        0x0 ./MCAL/MADC/MADC_Program.o
 .text          0x00000092        0x0 ./HAL/HSTEPPER/HStepper_Program.o
 .text          0x00000092        0x0 ./HAL/HLED/HLED_Program.o
 .text          0x00000092        0x0 ./HAL/HKPD/HKPD_Program.o
 .text          0x00000092        0x0 ./HAL/HEEPROM/HEEPROM_Program.o
 .text          0x00000092        0x0 ./HAL/HCLCD/HCLCD_Program.o
 .text          0x00000092        0x0 ./HAL/HBUTTON/HBUTTON_Progam.o
 .text          0x00000092        0x0 ./main.o
 .text          0x00000092        0x0 d:/engineer programs/amit/tools/sdk_win_64/sdk_win_64/sdk_win_64/winavr/bin/../lib/gcc/avr/4.3.3/avr5\libgcc.a(_udivmodsi4.o)
 .text          0x00000092        0x0 d:/engineer programs/amit/tools/sdk_win_64/sdk_win_64/sdk_win_64/winavr/bin/../lib/gcc/avr/4.3.3/avr5\libgcc.a(_exit.o)
 .text          0x00000092        0x0 d:/engineer programs/amit/tools/sdk_win_64/sdk_win_64/sdk_win_64/winavr/bin/../lib/gcc/avr/4.3.3/avr5\libgcc.a(_copy_data.o)
 .text          0x00000092        0x0 d:/engineer programs/amit/tools/sdk_win_64/sdk_win_64/sdk_win_64/winavr/bin/../lib/gcc/avr/4.3.3/avr5\libgcc.a(_clear_bss.o)
 .text          0x00000092       0x58 d:/engineer programs/amit/tools/sdk_win_64/sdk_win_64/sdk_win_64/winavr/bin/../lib/gcc/avr/4.3.3/avr5\libgcc.a(_fixunssfsi.o)
                0x00000092                __fixunssfsi
 .text          0x000000ea      0x354 d:/engineer programs/amit/tools/sdk_win_64/sdk_win_64/sdk_win_64/winavr/bin/../lib/gcc/avr/4.3.3/avr5\libgcc.a(_addsub_sf.o)
                0x00000382                __subsf3
                0x000003e4                __addsf3
 .text          0x0000043e      0x1f4 d:/engineer programs/amit/tools/sdk_win_64/sdk_win_64/sdk_win_64/winavr/bin/../lib/gcc/avr/4.3.3/avr5\libgcc.a(_mul_sf.o)
                0x0000043e                __mulsf3
 .text          0x00000632       0x60 d:/engineer programs/amit/tools/sdk_win_64/sdk_win_64/sdk_win_64/winavr/bin/../lib/gcc/avr/4.3.3/avr5\libgcc.a(_gt_sf.o)
                0x00000632                __gtsf2
 .text          0x00000692       0x60 d:/engineer programs/amit/tools/sdk_win_64/sdk_win_64/sdk_win_64/winavr/bin/../lib/gcc/avr/4.3.3/avr5\libgcc.a(_ge_sf.o)
                0x00000692                __gesf2
 .text          0x000006f2       0x60 d:/engineer programs/amit/tools/sdk_win_64/sdk_win_64/sdk_win_64/winavr/bin/../lib/gcc/avr/4.3.3/avr5\libgcc.a(_lt_sf.o)
                0x000006f2                __ltsf2
 .text          0x00000752       0xa8 d:/engineer programs/amit/tools/sdk_win_64/sdk_win_64/sdk_win_64/winavr/bin/../lib/gcc/avr/4.3.3/avr5\libgcc.a(_sf_to_si.o)
                0x00000752                __fixsfsi
 .text          0x000007fa        0x0 d:/engineer programs/amit/tools/sdk_win_64/sdk_win_64/sdk_win_64/winavr/bin/../lib/gcc/avr/4.3.3/avr5\libgcc.a(_thenan_sf.o)
 .text          0x000007fa        0x0 d:/engineer programs/amit/tools/sdk_win_64/sdk_win_64/sdk_win_64/winavr/bin/../lib/gcc/avr/4.3.3/avr5\libgcc.a(_prologue.o)
 .text          0x000007fa        0x0 d:/engineer programs/amit/tools/sdk_win_64/sdk_win_64/sdk_win_64/winavr/bin/../lib/gcc/avr/4.3.3/avr5\libgcc.a(_epilogue.o)
 .text          0x000007fa      0x1aa d:/engineer programs/amit/tools/sdk_win_64/sdk_win_64/sdk_win_64/winavr/bin/../lib/gcc/avr/4.3.3/avr5\libgcc.a(_pack_sf.o)
                0x000007fa                __pack_f
 .text          0x000009a4       0xf0 d:/engineer programs/amit/tools/sdk_win_64/sdk_win_64/sdk_win_64/winavr/bin/../lib/gcc/avr/4.3.3/avr5\libgcc.a(_unpack_sf.o)
                0x000009a4                __unpack_f
 .text          0x00000a94       0xb2 d:/engineer programs/amit/tools/sdk_win_64/sdk_win_64/sdk_win_64/winavr/bin/../lib/gcc/avr/4.3.3/avr5\libgcc.a(_fpcmp_parts_sf.o)
                0x00000a94                __fpcmp_parts_f
                0x00000b46                . = ALIGN (0x2)
 *(.text.*)
 .text.MUART_VidInit
                0x00000b46       0xa2 ./MCAL/MUART/MUART_Program.o
                0x00000b46                MUART_VidInit
 .text.MUART_VidSendChar
                0x00000be8       0x2c ./MCAL/MUART/MUART_Program.o
                0x00000be8                MUART_VidSendChar
 .text.MUART_vidSendString
                0x00000c14       0x52 ./MCAL/MUART/MUART_Program.o
                0x00000c14                MUART_vidSendString
 .text.MUART_uint8ReciverChar
                0x00000c66       0x1e ./MCAL/MUART/MUART_Program.o
                0x00000c66                MUART_uint8ReciverChar
 .text.MUART_VidSetTXCallBack
                0x00000c84       0x24 ./MCAL/MUART/MUART_Program.o
                0x00000c84                MUART_VidSetTXCallBack
 .text.MUART_VidSetRXCallBack
                0x00000ca8       0x24 ./MCAL/MUART/MUART_Program.o
                0x00000ca8                MUART_VidSetRXCallBack
 .text.MUART_VidUSART_REG_SetCallBack
                0x00000ccc       0x24 ./MCAL/MUART/MUART_Program.o
                0x00000ccc                MUART_VidUSART_REG_SetCallBack
 .text.__vector_15
                0x00000cf0       0x5a ./MCAL/MUART/MUART_Program.o
                0x00000cf0                __vector_15
 .text.__vector_13
                0x00000d4a       0x5a ./MCAL/MUART/MUART_Program.o
                0x00000d4a                __vector_13
 .text.__vector_14
                0x00000da4       0x5a ./MCAL/MUART/MUART_Program.o
                0x00000da4                __vector_14
 .text.MTWI_VidInitMaster
                0x00000dfe       0x64 ./MCAL/MTWI/MI2C_Program.o
                0x00000dfe                MTWI_VidInitMaster
 .text.MTWI_VidInitSalve
                0x00000e62       0x40 ./MCAL/MTWI/MI2C_Program.o
                0x00000e62                MTWI_VidInitSalve
 .text.MTWI_SendSatrtCondition
                0x00000ea2       0x54 ./MCAL/MTWI/MI2C_Program.o
                0x00000ea2                MTWI_SendSatrtCondition
 .text.MTWI_SendSatrtRepeatedCondition
                0x00000ef6       0x54 ./MCAL/MTWI/MI2C_Program.o
                0x00000ef6                MTWI_SendSatrtRepeatedCondition
 .text.MTWI_SendSalveAddressWithWrite
                0x00000f4a       0x70 ./MCAL/MTWI/MI2C_Program.o
                0x00000f4a                MTWI_SendSalveAddressWithWrite
 .text.MTWI_SendSalveAddressWithRead
                0x00000fba       0x70 ./MCAL/MTWI/MI2C_Program.o
                0x00000fba                MTWI_SendSalveAddressWithRead
 .text.MTWI_MasterWriteDataByte
                0x0000102a       0x52 ./MCAL/MTWI/MI2C_Program.o
                0x0000102a                MTWI_MasterWriteDataByte
 .text.MTWI_MasterReadDataByte
                0x0000107c       0x5e ./MCAL/MTWI/MI2C_Program.o
                0x0000107c                MTWI_MasterReadDataByte
 .text.MTWI_SendStopCondtion
                0x000010da       0x2a ./MCAL/MTWI/MI2C_Program.o
                0x000010da                MTWI_SendStopCondtion
 .text.MTIMER2_VidInit
                0x00001104       0x62 ./MCAL/MTIMER2/MTIMER2_Program.o
                0x00001104                MTIMER2_VidInit
 .text.MTIMER2_VidSetPreLoad
                0x00001166       0x1c ./MCAL/MTIMER2/MTIMER2_Program.o
                0x00001166                MTIMER2_VidSetPreLoad
 .text.MTIMER2_VidSetCTCRegister
                0x00001182       0x1c ./MCAL/MTIMER2/MTIMER2_Program.o
                0x00001182                MTIMER2_VidSetCTCRegister
 .text.MTIMER2_VidTIMER2_OVERFLOW_SetCallBack
                0x0000119e       0x24 ./MCAL/MTIMER2/MTIMER2_Program.o
                0x0000119e                MTIMER2_VidTIMER2_OVERFLOW_SetCallBack
 .text.MTIMER2_VidTIMER2_CTC_SetCallBack
                0x000011c2       0x24 ./MCAL/MTIMER2/MTIMER2_Program.o
                0x000011c2                MTIMER2_VidTIMER2_CTC_SetCallBack
 .text.__vector_4
                0x000011e6       0x5a ./MCAL/MTIMER2/MTIMER2_Program.o
                0x000011e6                __vector_4
 .text.__vector_5
                0x00001240       0x5a ./MCAL/MTIMER2/MTIMER2_Program.o
                0x00001240                __vector_5
 .text.MTIMER1_VidInit
                0x0000129a       0x70 ./MCAL/MTIMER1/MTIMER1_Program.o
                0x0000129a                MTIMER1_VidInit
 .text.MTIMER1_VidInit_ICU
                0x0000130a       0x2a ./MCAL/MTIMER1/MTIMER1_Program.o
                0x0000130a                MTIMER1_VidInit_ICU
 .text.MTIMER1_VidICU_SelectEdge
                0x00001334       0x54 ./MCAL/MTIMER1/MTIMER1_Program.o
                0x00001334                MTIMER1_VidICU_SelectEdge
 .text.MTIMER1_VidSetPreLoad
                0x00001388       0x24 ./MCAL/MTIMER1/MTIMER1_Program.o
                0x00001388                MTIMER1_VidSetPreLoad
 .text.MTIMER1_VidSetCTCRegister_CHB
                0x000013ac       0x24 ./MCAL/MTIMER1/MTIMER1_Program.o
                0x000013ac                MTIMER1_VidSetCTCRegister_CHB
 .text.MTIMER1_VidSetCTCRegister_CHA
                0x000013d0       0x24 ./MCAL/MTIMER1/MTIMER1_Program.o
                0x000013d0                MTIMER1_VidSetCTCRegister_CHA
 .text.MTIMER1_VidSetCTCRegister_ICR1
                0x000013f4       0x24 ./MCAL/MTIMER1/MTIMER1_Program.o
                0x000013f4                MTIMER1_VidSetCTCRegister_ICR1
 .text.MTIMER1_VidTimer1_OverFlow_SetCallBack
                0x00001418       0x24 ./MCAL/MTIMER1/MTIMER1_Program.o
                0x00001418                MTIMER1_VidTimer1_OverFlow_SetCallBack
 .text.MTIMER1_VidTimer1_CTC_SetCallBack
                0x0000143c       0x24 ./MCAL/MTIMER1/MTIMER1_Program.o
                0x0000143c                MTIMER1_VidTimer1_CTC_SetCallBack
 .text.MTIMER1_uint32Read_ICR1
                0x00001460       0x20 ./MCAL/MTIMER1/MTIMER1_Program.o
                0x00001460                MTIMER1_uint32Read_ICR1
 .text.MTIMER1_VidTimer1_ICU_SetCallBack
                0x00001480       0x24 ./MCAL/MTIMER1/MTIMER1_Program.o
                0x00001480                MTIMER1_VidTimer1_ICU_SetCallBack
 .text.__vector_7
                0x000014a4       0x5a ./MCAL/MTIMER1/MTIMER1_Program.o
                0x000014a4                __vector_7
 .text.__vector_8
                0x000014fe       0x5a ./MCAL/MTIMER1/MTIMER1_Program.o
                0x000014fe                __vector_8
 .text.__vector_9
                0x00001558       0x5a ./MCAL/MTIMER1/MTIMER1_Program.o
                0x00001558                __vector_9
 .text.__vector_6
                0x000015b2       0x5a ./MCAL/MTIMER1/MTIMER1_Program.o
                0x000015b2                __vector_6
 .text.MTIMER0_VidInit
                0x0000160c       0x54 ./MCAL/MTIMER0/MTIMER0_Program.o
                0x0000160c                MTIMER0_VidInit
 .text.MTIMER0_uint32Read
                0x00001660       0x14 ./MCAL/MTIMER0/MTIMER0_Program.o
                0x00001660                MTIMER0_uint32Read
 .text.MTIMER0_VidSetPreLoad
                0x00001674       0x1c ./MCAL/MTIMER0/MTIMER0_Program.o
                0x00001674                MTIMER0_VidSetPreLoad
 .text.MTIMER0_VidSetCTCRegister
                0x00001690       0x1c ./MCAL/MTIMER0/MTIMER0_Program.o
                0x00001690                MTIMER0_VidSetCTCRegister
 .text.MTIMER0_VidTimerOverFlow_SetCallBack
                0x000016ac       0x24 ./MCAL/MTIMER0/MTIMER0_Program.o
                0x000016ac                MTIMER0_VidTimerOverFlow_SetCallBack
 .text.MTIMER0_VidTimerCTC_SetCallBack
                0x000016d0       0x24 ./MCAL/MTIMER0/MTIMER0_Program.o
                0x000016d0                MTIMER0_VidTimerCTC_SetCallBack
 .text.__vector_10
                0x000016f4       0x5a ./MCAL/MTIMER0/MTIMER0_Program.o
                0x000016f4                __vector_10
 .text.__vector_11
                0x0000174e       0x5a ./MCAL/MTIMER0/MTIMER0_Program.o
                0x0000174e                __vector_11
 .text.MSPI_VidMasterInit
                0x000017a8       0x8c ./MCAL/MSPI/MSPI_Program.o
                0x000017a8                MSPI_VidMasterInit
 .text.MSPI_VidSalveInit
                0x00001834       0x62 ./MCAL/MSPI/MSPI_Program.o
                0x00001834                MSPI_VidSalveInit
 .text.MSPI_uint8SendReceiveChar
                0x00001896       0x3c ./MCAL/MSPI/MSPI_Program.o
                0x00001896                MSPI_uint8SendReceiveChar
 .text.MSPI_VidSPI_SetCallBack
                0x000018d2       0x24 ./MCAL/MSPI/MSPI_Program.o
                0x000018d2                MSPI_VidSPI_SetCallBack
 .text.__vector_12
                0x000018f6       0x5a ./MCAL/MSPI/MSPI_Program.o
                0x000018f6                __vector_12
 .text.MGIE_Enable
                0x00001950       0x1c ./MCAL/MGIE/MGIE_Program.o
                0x00001950                MGIE_Enable
 .text.MGIE_Disable
                0x0000196c       0x1c ./MCAL/MGIE/MGIE_Program.o
                0x0000196c                MGIE_Disable
 .text.MEXTI_VidInitEXTI0
                0x00001988       0x38 ./MCAL/MEXTI/MEXTI_Program.o
                0x00001988                MEXTI_VidInitEXTI0
 .text.MEXTI_VidInitEXTI1
                0x000019c0       0x38 ./MCAL/MEXTI/MEXTI_Program.o
                0x000019c0                MEXTI_VidInitEXTI1
 .text.MEXTI_VidInitEXTI2
                0x000019f8       0x2a ./MCAL/MEXTI/MEXTI_Program.o
                0x000019f8                MEXTI_VidInitEXTI2
 .text.MEXTI_VidSenseControlSelect
                0x00001a22      0x196 ./MCAL/MEXTI/MEXTI_Program.o
                0x00001a22                MEXTI_VidSenseControlSelect
 .text.MEXTI0_VidSetCallBack
                0x00001bb8       0x24 ./MCAL/MEXTI/MEXTI_Program.o
                0x00001bb8                MEXTI0_VidSetCallBack
 .text.MEXTI1_VidSetCallBack
                0x00001bdc       0x24 ./MCAL/MEXTI/MEXTI_Program.o
                0x00001bdc                MEXTI1_VidSetCallBack
 .text.MEXTI2_VidSetCallBack
                0x00001c00       0x24 ./MCAL/MEXTI/MEXTI_Program.o
                0x00001c00                MEXTI2_VidSetCallBack
 .text.__vector_1
                0x00001c24       0x5a ./MCAL/MEXTI/MEXTI_Program.o
                0x00001c24                __vector_1
 .text.__vector_2
                0x00001c7e       0x5a ./MCAL/MEXTI/MEXTI_Program.o
                0x00001c7e                __vector_2
 .text.__vector_3
                0x00001cd8       0x5a ./MCAL/MEXTI/MEXTI_Program.o
                0x00001cd8                __vector_3
 .text.MDIO_Errorstate_SetPinDirection
                0x00001d32      0x21e ./MCAL/MDIO/MDIO_Program.o
                0x00001d32                MDIO_Errorstate_SetPinDirection
 .text.MDIO_Errorstate_SetPinValue
                0x00001f50      0x21e ./MCAL/MDIO/MDIO_Program.o
                0x00001f50                MDIO_Errorstate_SetPinValue
 .text.MDIO_Errorstate_GetPinValue
                0x0000216e      0x124 ./MCAL/MDIO/MDIO_Program.o
                0x0000216e                MDIO_Errorstate_GetPinValue
 .text.MDIO_Errorstate_SetPortDirection
                0x00002292       0xa0 ./MCAL/MDIO/MDIO_Program.o
                0x00002292                MDIO_Errorstate_SetPortDirection
 .text.MDIO_Errorstate_SetPortValue
                0x00002332       0x90 ./MCAL/MDIO/MDIO_Program.o
                0x00002332                MDIO_Errorstate_SetPortValue
 .text.MDIO_Errorstate_Set4MostBits
                0x000023c2       0xe8 ./MCAL/MDIO/MDIO_Program.o
                0x000023c2                MDIO_Errorstate_Set4MostBits
 .text.MADC_VidSingleConversion_Init
                0x000024aa       0x62 ./MCAL/MADC/MADC_Program.o
                0x000024aa                MADC_VidSingleConversion_Init
 .text.MADC_VidAutoTrigger_Init
                0x0000250c       0x36 ./MCAL/MADC/MADC_Program.o
                0x0000250c                MADC_VidAutoTrigger_Init
 .text.MADC_VidInterrupt_Enable
                0x00002542       0x1c ./MCAL/MADC/MADC_Program.o
                0x00002542                MADC_VidInterrupt_Enable
 .text.MADC_VidADCStartSingleConversion
                0x0000255e       0x56 ./MCAL/MADC/MADC_Program.o
                0x0000255e                MADC_VidADCStartSingleConversion
 .text.MADC_VidADCStartSingleConversion_With_Interrupt
                0x000025b4       0x40 ./MCAL/MADC/MADC_Program.o
                0x000025b4                MADC_VidADCStartSingleConversion_With_Interrupt
 .text.MADC_uint16Read
                0x000025f4       0x3c ./MCAL/MADC/MADC_Program.o
                0x000025f4                MADC_uint16Read
 .text.MADC_SetCallBack
                0x00002630       0x24 ./MCAL/MADC/MADC_Program.o
                0x00002630                MADC_SetCallBack
 .text.__vector_16
                0x00002654       0x5a ./MCAL/MADC/MADC_Program.o
                0x00002654                __vector_16
 .text.HStepper_Init
                0x000026ae       0x36 ./HAL/HSTEPPER/HStepper_Program.o
                0x000026ae                HStepper_Init
 .text.HStepper_SetStepsDirection
                0x000026e4      0xb04 ./HAL/HSTEPPER/HStepper_Program.o
                0x000026e4                HStepper_SetStepsDirection
 .text.HLED_Errorstate_Led_Init
                0x000031e8       0x38 ./HAL/HLED/HLED_Program.o
                0x000031e8                HLED_Errorstate_Led_Init
 .text.HLED_Errorstate_Led_On
                0x00003220       0x64 ./HAL/HLED/HLED_Program.o
                0x00003220                HLED_Errorstate_Led_On
 .text.HLED_Errorstate_Led_Off
                0x00003284       0x64 ./HAL/HLED/HLED_Program.o
                0x00003284                HLED_Errorstate_Led_Off
 .text.HLED_Errorstate_Led_Toggle
                0x000032e8       0x66 ./HAL/HLED/HLED_Program.o
                0x000032e8                HLED_Errorstate_Led_Toggle
 .text.HKPD_VidInit
                0x0000334e       0xae ./HAL/HKPD/HKPD_Program.o
                0x0000334e                HKPD_VidInit
 .text.HKPD_uint8GetPressed
                0x000033fc      0x1a6 ./HAL/HKPD/HKPD_Program.o
                0x000033fc                HKPD_uint8GetPressed
 .text.HEEPROM_VidSendDataByte
                0x000035a2      0x130 ./HAL/HEEPROM/HEEPROM_Program.o
                0x000035a2                HEEPROM_VidSendDataByte
 .text.HEEPROM_VidReadDataByte
                0x000036d2       0x4c ./HAL/HEEPROM/HEEPROM_Program.o
                0x000036d2                HEEPROM_VidReadDataByte
 .text.HAL_VidHCLCD_4BitModeWriteCommand
                0x0000371e      0x13c ./HAL/HCLCD/HCLCD_Program.o
                0x0000371e                HAL_VidHCLCD_4BitModeWriteCommand
 .text.HAL_VidHCLCD_4BitModeWriteChar
                0x0000385a      0x24a ./HAL/HCLCD/HCLCD_Program.o
                0x0000385a                HAL_VidHCLCD_4BitModeWriteChar
 .text.HAL_VidHCLCD_4BitModeInit
                0x00003aa4      0x3ec ./HAL/HCLCD/HCLCD_Program.o
                0x00003aa4                HAL_VidHCLCD_4BitModeInit
 .text.HAL_VidHCLCD_4BitModeSendCommand
                0x00003e90       0x26 ./HAL/HCLCD/HCLCD_Program.o
                0x00003e90                HAL_VidHCLCD_4BitModeSendCommand
 .text.HAL_VidHCLCD_4BitModeWriteString
                0x00003eb6       0x52 ./HAL/HCLCD/HCLCD_Program.o
                0x00003eb6                HAL_VidHCLCD_4BitModeWriteString
 .text.HAL_VidHCLCD_4BitModeWriteNumber
                0x00003f08       0xee ./HAL/HCLCD/HCLCD_Program.o
                0x00003f08                HAL_VidHCLCD_4BitModeWriteNumber
 .text.HAL_VidHCLCD_4BitModeSetPosition
                0x00003ff6       0x36 ./HAL/HCLCD/HCLCD_Program.o
                0x00003ff6                HAL_VidHCLCD_4BitModeSetPosition
 .text.HBUTTON_Errorstate_Button_Init
                0x0000402c       0x38 ./HAL/HBUTTON/HBUTTON_Progam.o
                0x0000402c                HBUTTON_Errorstate_Button_Init
 .text.HBUTTON_Errorstate_Button_Pressed
                0x00004064       0x9a ./HAL/HBUTTON/HBUTTON_Progam.o
                0x00004064                HBUTTON_Errorstate_Button_Pressed
 .text.main     0x000040fe      0x186 ./main.o
                0x000040fe                main
 .text.libgcc   0x00004284       0x44 d:/engineer programs/amit/tools/sdk_win_64/sdk_win_64/sdk_win_64/winavr/bin/../lib/gcc/avr/4.3.3/avr5\libgcc.a(_udivmodsi4.o)
                0x00004284                __udivmodsi4
 .text.libgcc   0x000042c8        0x0 d:/engineer programs/amit/tools/sdk_win_64/sdk_win_64/sdk_win_64/winavr/bin/../lib/gcc/avr/4.3.3/avr5\libgcc.a(_exit.o)
 .text.libgcc   0x000042c8        0x0 d:/engineer programs/amit/tools/sdk_win_64/sdk_win_64/sdk_win_64/winavr/bin/../lib/gcc/avr/4.3.3/avr5\libgcc.a(_copy_data.o)
 .text.libgcc   0x000042c8        0x0 d:/engineer programs/amit/tools/sdk_win_64/sdk_win_64/sdk_win_64/winavr/bin/../lib/gcc/avr/4.3.3/avr5\libgcc.a(_clear_bss.o)
 .text.libgcc   0x000042c8       0x38 d:/engineer programs/amit/tools/sdk_win_64/sdk_win_64/sdk_win_64/winavr/bin/../lib/gcc/avr/4.3.3/avr5\libgcc.a(_prologue.o)
                0x000042c8                __prologue_saves__
 .text.libgcc   0x00004300       0x36 d:/engineer programs/amit/tools/sdk_win_64/sdk_win_64/sdk_win_64/winavr/bin/../lib/gcc/avr/4.3.3/avr5\libgcc.a(_epilogue.o)
                0x00004300                __epilogue_restores__
                0x00004336                . = ALIGN (0x2)
 *(.fini9)
 .fini9         0x00004336        0x0 d:/engineer programs/amit/tools/sdk_win_64/sdk_win_64/sdk_win_64/winavr/bin/../lib/gcc/avr/4.3.3/avr5\libgcc.a(_exit.o)
                0x00004336                exit
                0x00004336                _exit
 *(.fini9)
 *(.fini8)
 *(.fini8)
 *(.fini7)
 *(.fini7)
 *(.fini6)
 *(.fini6)
 *(.fini5)
 *(.fini5)
 *(.fini4)
 *(.fini4)
 *(.fini3)
 *(.fini3)
 *(.fini2)
 *(.fini2)
 *(.fini1)
 *(.fini1)
 *(.fini0)
 .fini0         0x00004336        0x4 d:/engineer programs/amit/tools/sdk_win_64/sdk_win_64/sdk_win_64/winavr/bin/../lib/gcc/avr/4.3.3/avr5\libgcc.a(_exit.o)
 *(.fini0)
                0x0000433a                _etext = .

.data           0x00800060       0x2a load address 0x0000433a
                0x00800060                PROVIDE (__data_start, .)
 *(.data)
 .data          0x00800060        0x0 d:/engineer programs/amit/tools/sdk_win_64/sdk_win_64/sdk_win_64/winavr/bin/../lib/gcc/avr/4.3.3/../../../../avr/lib/avr5/crtm32.o
 .data          0x00800060        0x0 ./MCAL/MUART/MUART_Program.o
 .data          0x00800060        0x0 ./MCAL/MTWI/MI2C_Program.o
 .data          0x00800060        0x0 ./MCAL/MTIMER2/MTIMER2_Program.o
 .data          0x00800060        0x0 ./MCAL/MTIMER1/MTIMER1_Program.o
 .data          0x00800060        0x0 ./MCAL/MTIMER0/MTIMER0_Program.o
 .data          0x00800060        0x0 ./MCAL/MSPI/MSPI_Program.o
 .data          0x00800060        0x0 ./MCAL/MGIE/MGIE_Program.o
 .data          0x00800060        0x0 ./MCAL/MEXTI/MEXTI_Program.o
 .data          0x00800060        0x0 ./MCAL/MDIO/MDIO_Program.o
 .data          0x00800060        0x0 ./MCAL/MADC/MADC_Program.o
 .data          0x00800060        0x0 ./HAL/HSTEPPER/HStepper_Program.o
 .data          0x00800060        0x0 ./HAL/HLED/HLED_Program.o
 .data          0x00800060        0x0 ./HAL/HKPD/HKPD_Program.o
 .data          0x00800060        0x0 ./HAL/HEEPROM/HEEPROM_Program.o
 .data          0x00800060        0x0 ./HAL/HCLCD/HCLCD_Program.o
 .data          0x00800060        0x0 ./HAL/HBUTTON/HBUTTON_Progam.o
 .data          0x00800060        0xe ./main.o
 .data          0x0080006e        0x0 d:/engineer programs/amit/tools/sdk_win_64/sdk_win_64/sdk_win_64/winavr/bin/../lib/gcc/avr/4.3.3/avr5\libgcc.a(_udivmodsi4.o)
 .data          0x0080006e        0x0 d:/engineer programs/amit/tools/sdk_win_64/sdk_win_64/sdk_win_64/winavr/bin/../lib/gcc/avr/4.3.3/avr5\libgcc.a(_exit.o)
 .data          0x0080006e        0x0 d:/engineer programs/amit/tools/sdk_win_64/sdk_win_64/sdk_win_64/winavr/bin/../lib/gcc/avr/4.3.3/avr5\libgcc.a(_copy_data.o)
 .data          0x0080006e        0x0 d:/engineer programs/amit/tools/sdk_win_64/sdk_win_64/sdk_win_64/winavr/bin/../lib/gcc/avr/4.3.3/avr5\libgcc.a(_clear_bss.o)
 .data          0x0080006e        0x0 d:/engineer programs/amit/tools/sdk_win_64/sdk_win_64/sdk_win_64/winavr/bin/../lib/gcc/avr/4.3.3/avr5\libgcc.a(_fixunssfsi.o)
 .data          0x0080006e        0x0 d:/engineer programs/amit/tools/sdk_win_64/sdk_win_64/sdk_win_64/winavr/bin/../lib/gcc/avr/4.3.3/avr5\libgcc.a(_addsub_sf.o)
 .data          0x0080006e        0x0 d:/engineer programs/amit/tools/sdk_win_64/sdk_win_64/sdk_win_64/winavr/bin/../lib/gcc/avr/4.3.3/avr5\libgcc.a(_mul_sf.o)
 .data          0x0080006e        0x0 d:/engineer programs/amit/tools/sdk_win_64/sdk_win_64/sdk_win_64/winavr/bin/../lib/gcc/avr/4.3.3/avr5\libgcc.a(_gt_sf.o)
 .data          0x0080006e        0x0 d:/engineer programs/amit/tools/sdk_win_64/sdk_win_64/sdk_win_64/winavr/bin/../lib/gcc/avr/4.3.3/avr5\libgcc.a(_ge_sf.o)
 .data          0x0080006e        0x0 d:/engineer programs/amit/tools/sdk_win_64/sdk_win_64/sdk_win_64/winavr/bin/../lib/gcc/avr/4.3.3/avr5\libgcc.a(_lt_sf.o)
 .data          0x0080006e        0x0 d:/engineer programs/amit/tools/sdk_win_64/sdk_win_64/sdk_win_64/winavr/bin/../lib/gcc/avr/4.3.3/avr5\libgcc.a(_sf_to_si.o)
 .data          0x0080006e        0x8 d:/engineer programs/amit/tools/sdk_win_64/sdk_win_64/sdk_win_64/winavr/bin/../lib/gcc/avr/4.3.3/avr5\libgcc.a(_thenan_sf.o)
                0x0080006e                __thenan_sf
 .data          0x00800076        0x0 d:/engineer programs/amit/tools/sdk_win_64/sdk_win_64/sdk_win_64/winavr/bin/../lib/gcc/avr/4.3.3/avr5\libgcc.a(_prologue.o)
 .data          0x00800076        0x0 d:/engineer programs/amit/tools/sdk_win_64/sdk_win_64/sdk_win_64/winavr/bin/../lib/gcc/avr/4.3.3/avr5\libgcc.a(_epilogue.o)
 .data          0x00800076        0x0 d:/engineer programs/amit/tools/sdk_win_64/sdk_win_64/sdk_win_64/winavr/bin/../lib/gcc/avr/4.3.3/avr5\libgcc.a(_pack_sf.o)
 .data          0x00800076        0x0 d:/engineer programs/amit/tools/sdk_win_64/sdk_win_64/sdk_win_64/winavr/bin/../lib/gcc/avr/4.3.3/avr5\libgcc.a(_unpack_sf.o)
 .data          0x00800076        0x0 d:/engineer programs/amit/tools/sdk_win_64/sdk_win_64/sdk_win_64/winavr/bin/../lib/gcc/avr/4.3.3/avr5\libgcc.a(_fpcmp_parts_sf.o)
 *(.data*)
 .data.KPD_uint8Values
                0x00800076       0x10 ./HAL/HKPD/HKPD_Program.o
                0x00800076                KPD_uint8Values
 .data.led1     0x00800086        0x3 ./main.o
                0x00800086                led1
 *(.rodata)
 *(.rodata*)
 *(.gnu.linkonce.d*)
                0x0080008a                . = ALIGN (0x2)
 *fill*         0x00800089        0x1 00
                0x0080008a                _edata = .
                0x0080008a                PROVIDE (__data_end, .)

.bss            0x0080008a        0xd
                0x0080008a                PROVIDE (__bss_start, .)
 *(.bss)
 .bss           0x0080008a        0x0 d:/engineer programs/amit/tools/sdk_win_64/sdk_win_64/sdk_win_64/winavr/bin/../lib/gcc/avr/4.3.3/../../../../avr/lib/avr5/crtm32.o
 .bss           0x0080008a        0x0 ./MCAL/MUART/MUART_Program.o
 .bss           0x0080008a        0x0 ./MCAL/MTWI/MI2C_Program.o
 .bss           0x0080008a        0x0 ./MCAL/MTIMER2/MTIMER2_Program.o
 .bss           0x0080008a        0x0 ./MCAL/MTIMER1/MTIMER1_Program.o
 .bss           0x0080008a        0x0 ./MCAL/MTIMER0/MTIMER0_Program.o
 .bss           0x0080008a        0x0 ./MCAL/MSPI/MSPI_Program.o
 .bss           0x0080008a        0x0 ./MCAL/MGIE/MGIE_Program.o
 .bss           0x0080008a        0x0 ./MCAL/MEXTI/MEXTI_Program.o
 .bss           0x0080008a        0x0 ./MCAL/MDIO/MDIO_Program.o
 .bss           0x0080008a        0x0 ./MCAL/MADC/MADC_Program.o
 .bss           0x0080008a        0x0 ./HAL/HSTEPPER/HStepper_Program.o
 .bss           0x0080008a        0x0 ./HAL/HLED/HLED_Program.o
 .bss           0x0080008a        0x0 ./HAL/HKPD/HKPD_Program.o
 .bss           0x0080008a        0x0 ./HAL/HEEPROM/HEEPROM_Program.o
 .bss           0x0080008a        0x0 ./HAL/HCLCD/HCLCD_Program.o
 .bss           0x0080008a        0x0 ./HAL/HBUTTON/HBUTTON_Progam.o
 .bss           0x0080008a        0x0 ./main.o
 .bss           0x0080008a        0x0 d:/engineer programs/amit/tools/sdk_win_64/sdk_win_64/sdk_win_64/winavr/bin/../lib/gcc/avr/4.3.3/avr5\libgcc.a(_udivmodsi4.o)
 .bss           0x0080008a        0x0 d:/engineer programs/amit/tools/sdk_win_64/sdk_win_64/sdk_win_64/winavr/bin/../lib/gcc/avr/4.3.3/avr5\libgcc.a(_exit.o)
 .bss           0x0080008a        0x0 d:/engineer programs/amit/tools/sdk_win_64/sdk_win_64/sdk_win_64/winavr/bin/../lib/gcc/avr/4.3.3/avr5\libgcc.a(_copy_data.o)
 .bss           0x0080008a        0x0 d:/engineer programs/amit/tools/sdk_win_64/sdk_win_64/sdk_win_64/winavr/bin/../lib/gcc/avr/4.3.3/avr5\libgcc.a(_clear_bss.o)
 .bss           0x0080008a        0x0 d:/engineer programs/amit/tools/sdk_win_64/sdk_win_64/sdk_win_64/winavr/bin/../lib/gcc/avr/4.3.3/avr5\libgcc.a(_fixunssfsi.o)
 .bss           0x0080008a        0x0 d:/engineer programs/amit/tools/sdk_win_64/sdk_win_64/sdk_win_64/winavr/bin/../lib/gcc/avr/4.3.3/avr5\libgcc.a(_addsub_sf.o)
 .bss           0x0080008a        0x0 d:/engineer programs/amit/tools/sdk_win_64/sdk_win_64/sdk_win_64/winavr/bin/../lib/gcc/avr/4.3.3/avr5\libgcc.a(_mul_sf.o)
 .bss           0x0080008a        0x0 d:/engineer programs/amit/tools/sdk_win_64/sdk_win_64/sdk_win_64/winavr/bin/../lib/gcc/avr/4.3.3/avr5\libgcc.a(_gt_sf.o)
 .bss           0x0080008a        0x0 d:/engineer programs/amit/tools/sdk_win_64/sdk_win_64/sdk_win_64/winavr/bin/../lib/gcc/avr/4.3.3/avr5\libgcc.a(_ge_sf.o)
 .bss           0x0080008a        0x0 d:/engineer programs/amit/tools/sdk_win_64/sdk_win_64/sdk_win_64/winavr/bin/../lib/gcc/avr/4.3.3/avr5\libgcc.a(_lt_sf.o)
 .bss           0x0080008a        0x0 d:/engineer programs/amit/tools/sdk_win_64/sdk_win_64/sdk_win_64/winavr/bin/../lib/gcc/avr/4.3.3/avr5\libgcc.a(_sf_to_si.o)
 .bss           0x0080008a        0x0 d:/engineer programs/amit/tools/sdk_win_64/sdk_win_64/sdk_win_64/winavr/bin/../lib/gcc/avr/4.3.3/avr5\libgcc.a(_thenan_sf.o)
 .bss           0x0080008a        0x0 d:/engineer programs/amit/tools/sdk_win_64/sdk_win_64/sdk_win_64/winavr/bin/../lib/gcc/avr/4.3.3/avr5\libgcc.a(_prologue.o)
 .bss           0x0080008a        0x0 d:/engineer programs/amit/tools/sdk_win_64/sdk_win_64/sdk_win_64/winavr/bin/../lib/gcc/avr/4.3.3/avr5\libgcc.a(_epilogue.o)
 .bss           0x0080008a        0x0 d:/engineer programs/amit/tools/sdk_win_64/sdk_win_64/sdk_win_64/winavr/bin/../lib/gcc/avr/4.3.3/avr5\libgcc.a(_pack_sf.o)
 .bss           0x0080008a        0x0 d:/engineer programs/amit/tools/sdk_win_64/sdk_win_64/sdk_win_64/winavr/bin/../lib/gcc/avr/4.3.3/avr5\libgcc.a(_unpack_sf.o)
 .bss           0x0080008a        0x0 d:/engineer programs/amit/tools/sdk_win_64/sdk_win_64/sdk_win_64/winavr/bin/../lib/gcc/avr/4.3.3/avr5\libgcc.a(_fpcmp_parts_sf.o)
 *(.bss*)
 .bss.flag.1282
                0x0080008a        0x1 ./HAL/HLED/HLED_Program.o
 *(COMMON)
 COMMON         0x0080008b        0x2 ./MCAL/MUART/MUART_Program.o
                0x0080008b                CALLBACK
 COMMON         0x0080008d        0x2 ./MCAL/MTIMER2/MTIMER2_Program.o
                0x0080008d                MTIMER2_CALLBACK
 COMMON         0x0080008f        0x2 ./MCAL/MTIMER1/MTIMER1_Program.o
                0x0080008f                MTIMER1_CALLBACK
 COMMON         0x00800091        0x2 ./MCAL/MTIMER0/MTIMER0_Program.o
                0x00800091                MTIMER0_CALLBACK
 COMMON         0x00800093        0x2 ./MCAL/MSPI/MSPI_Program.o
                0x00800093                MSPI_CALLBACK
 COMMON         0x00800095        0x2 ./MCAL/MADC/MADC_Program.o
                0x00800095                MADC_CALLBACK
                0x00800097                PROVIDE (__bss_end, .)
                0x0000433a                __data_load_start = LOADADDR (.data)
                0x00004364                __data_load_end = (__data_load_start + SIZEOF (.data))

.noinit         0x00800097        0x0
                0x00800097                PROVIDE (__noinit_start, .)
 *(.noinit*)
                0x00800097                PROVIDE (__noinit_end, .)
                0x00800097                _end = .
                0x00800097                PROVIDE (__heap_start, .)

.eeprom         0x00810000        0x0
 *(.eeprom*)
                0x00810000                __eeprom_end = .

.fuse
 *(.fuse)
 *(.lfuse)
 *(.hfuse)
 *(.efuse)

.lock
 *(.lock*)

.signature
 *(.signature*)

.stab           0x00000000     0x5628
 *(.stab)
 .stab          0x00000000      0x4d4 ./MCAL/MUART/MUART_Program.o
 .stab          0x000004d4      0x6c0 ./MCAL/MTWI/MI2C_Program.o
                                0x6cc (size before relaxing)
 .stab          0x00000b94      0x330 ./MCAL/MTIMER2/MTIMER2_Program.o
                                0x33c (size before relaxing)
 .stab          0x00000ec4      0x510 ./MCAL/MTIMER1/MTIMER1_Program.o
                                0x51c (size before relaxing)
 .stab          0x000013d4      0x354 ./MCAL/MTIMER0/MTIMER0_Program.o
                                0x360 (size before relaxing)
 .stab          0x00001728      0x330 ./MCAL/MSPI/MSPI_Program.o
                                0x33c (size before relaxing)
 .stab          0x00001a58      0x1c8 ./MCAL/MGIE/MGIE_Program.o
                                0x1d4 (size before relaxing)
 .stab          0x00001c20      0x51c ./MCAL/MEXTI/MEXTI_Program.o
                                0x528 (size before relaxing)
 .stab          0x0000213c      0x7a4 ./MCAL/MDIO/MDIO_Program.o
                                0x7b0 (size before relaxing)
 .stab          0x000028e0      0x414 ./MCAL/MADC/MADC_Program.o
                                0x420 (size before relaxing)
 .stab          0x00002cf4      0xb7c ./HAL/HSTEPPER/HStepper_Program.o
                                0xb88 (size before relaxing)
 .stab          0x00003870      0x450 ./HAL/HLED/HLED_Program.o
                                0x45c (size before relaxing)
 .stab          0x00003cc0      0x480 ./HAL/HKPD/HKPD_Program.o
                                0x618 (size before relaxing)
 .stab          0x00004140      0x3fc ./HAL/HEEPROM/HEEPROM_Program.o
                                0x594 (size before relaxing)
 .stab          0x0000453c      0xa5c ./HAL/HCLCD/HCLCD_Program.o
                                0xbf4 (size before relaxing)
 .stab          0x00004f98      0x300 ./HAL/HBUTTON/HBUTTON_Progam.o
                                0x30c (size before relaxing)
 .stab          0x00005298      0x390 ./main.o
                                0x564 (size before relaxing)

.stabstr        0x00000000     0x241a
 *(.stabstr)
 .stabstr       0x00000000     0x241a ./MCAL/MUART/MUART_Program.o

.stab.excl
 *(.stab.excl)

.stab.exclstr
 *(.stab.exclstr)

.stab.index
 *(.stab.index)

.stab.indexstr
 *(.stab.indexstr)

.comment
 *(.comment)

.debug
 *(.debug)

.line
 *(.line)

.debug_srcinfo
 *(.debug_srcinfo)

.debug_sfnames
 *(.debug_sfnames)

.debug_aranges  0x00000000      0x140
 *(.debug_aranges)
 .debug_aranges
                0x00000000       0x20 d:/engineer programs/amit/tools/sdk_win_64/sdk_win_64/sdk_win_64/winavr/bin/../lib/gcc/avr/4.3.3/avr5\libgcc.a(_fixunssfsi.o)
 .debug_aranges
                0x00000020       0x20 d:/engineer programs/amit/tools/sdk_win_64/sdk_win_64/sdk_win_64/winavr/bin/../lib/gcc/avr/4.3.3/avr5\libgcc.a(_addsub_sf.o)
 .debug_aranges
                0x00000040       0x20 d:/engineer programs/amit/tools/sdk_win_64/sdk_win_64/sdk_win_64/winavr/bin/../lib/gcc/avr/4.3.3/avr5\libgcc.a(_mul_sf.o)
 .debug_aranges
                0x00000060       0x20 d:/engineer programs/amit/tools/sdk_win_64/sdk_win_64/sdk_win_64/winavr/bin/../lib/gcc/avr/4.3.3/avr5\libgcc.a(_gt_sf.o)
 .debug_aranges
                0x00000080       0x20 d:/engineer programs/amit/tools/sdk_win_64/sdk_win_64/sdk_win_64/winavr/bin/../lib/gcc/avr/4.3.3/avr5\libgcc.a(_ge_sf.o)
 .debug_aranges
                0x000000a0       0x20 d:/engineer programs/amit/tools/sdk_win_64/sdk_win_64/sdk_win_64/winavr/bin/../lib/gcc/avr/4.3.3/avr5\libgcc.a(_lt_sf.o)
 .debug_aranges
                0x000000c0       0x20 d:/engineer programs/amit/tools/sdk_win_64/sdk_win_64/sdk_win_64/winavr/bin/../lib/gcc/avr/4.3.3/avr5\libgcc.a(_sf_to_si.o)
 .debug_aranges
                0x000000e0       0x20 d:/engineer programs/amit/tools/sdk_win_64/sdk_win_64/sdk_win_64/winavr/bin/../lib/gcc/avr/4.3.3/avr5\libgcc.a(_pack_sf.o)
 .debug_aranges
                0x00000100       0x20 d:/engineer programs/amit/tools/sdk_win_64/sdk_win_64/sdk_win_64/winavr/bin/../lib/gcc/avr/4.3.3/avr5\libgcc.a(_unpack_sf.o)
 .debug_aranges
                0x00000120       0x20 d:/engineer programs/amit/tools/sdk_win_64/sdk_win_64/sdk_win_64/winavr/bin/../lib/gcc/avr/4.3.3/avr5\libgcc.a(_fpcmp_parts_sf.o)

.debug_pubnames
                0x00000000      0x170
 *(.debug_pubnames)
 .debug_pubnames
                0x00000000       0x23 d:/engineer programs/amit/tools/sdk_win_64/sdk_win_64/sdk_win_64/winavr/bin/../lib/gcc/avr/4.3.3/avr5\libgcc.a(_fixunssfsi.o)
 .debug_pubnames
                0x00000023       0x2c d:/engineer programs/amit/tools/sdk_win_64/sdk_win_64/sdk_win_64/winavr/bin/../lib/gcc/avr/4.3.3/avr5\libgcc.a(_addsub_sf.o)
 .debug_pubnames
                0x0000004f       0x1f d:/engineer programs/amit/tools/sdk_win_64/sdk_win_64/sdk_win_64/winavr/bin/../lib/gcc/avr/4.3.3/avr5\libgcc.a(_mul_sf.o)
 .debug_pubnames
                0x0000006e       0x1e d:/engineer programs/amit/tools/sdk_win_64/sdk_win_64/sdk_win_64/winavr/bin/../lib/gcc/avr/4.3.3/avr5\libgcc.a(_gt_sf.o)
 .debug_pubnames
                0x0000008c       0x1e d:/engineer programs/amit/tools/sdk_win_64/sdk_win_64/sdk_win_64/winavr/bin/../lib/gcc/avr/4.3.3/avr5\libgcc.a(_ge_sf.o)
 .debug_pubnames
                0x000000aa       0x1e d:/engineer programs/amit/tools/sdk_win_64/sdk_win_64/sdk_win_64/winavr/bin/../lib/gcc/avr/4.3.3/avr5\libgcc.a(_lt_sf.o)
 .debug_pubnames
                0x000000c8       0x20 d:/engineer programs/amit/tools/sdk_win_64/sdk_win_64/sdk_win_64/winavr/bin/../lib/gcc/avr/4.3.3/avr5\libgcc.a(_sf_to_si.o)
 .debug_pubnames
                0x000000e8       0x22 d:/engineer programs/amit/tools/sdk_win_64/sdk_win_64/sdk_win_64/winavr/bin/../lib/gcc/avr/4.3.3/avr5\libgcc.a(_thenan_sf.o)
 .debug_pubnames
                0x0000010a       0x1f d:/engineer programs/amit/tools/sdk_win_64/sdk_win_64/sdk_win_64/winavr/bin/../lib/gcc/avr/4.3.3/avr5\libgcc.a(_pack_sf.o)
 .debug_pubnames
                0x00000129       0x21 d:/engineer programs/amit/tools/sdk_win_64/sdk_win_64/sdk_win_64/winavr/bin/../lib/gcc/avr/4.3.3/avr5\libgcc.a(_unpack_sf.o)
 .debug_pubnames
                0x0000014a       0x26 d:/engineer programs/amit/tools/sdk_win_64/sdk_win_64/sdk_win_64/winavr/bin/../lib/gcc/avr/4.3.3/avr5\libgcc.a(_fpcmp_parts_sf.o)

.debug_info     0x00000000     0x1c49
 *(.debug_info)
 .debug_info    0x00000000       0xb1 d:/engineer programs/amit/tools/sdk_win_64/sdk_win_64/sdk_win_64/winavr/bin/../lib/gcc/avr/4.3.3/avr5\libgcc.a(_fixunssfsi.o)
 .debug_info    0x000000b1      0x47a d:/engineer programs/amit/tools/sdk_win_64/sdk_win_64/sdk_win_64/winavr/bin/../lib/gcc/avr/4.3.3/avr5\libgcc.a(_addsub_sf.o)
 .debug_info    0x0000052b      0x485 d:/engineer programs/amit/tools/sdk_win_64/sdk_win_64/sdk_win_64/winavr/bin/../lib/gcc/avr/4.3.3/avr5\libgcc.a(_mul_sf.o)
 .debug_info    0x000009b0      0x27f d:/engineer programs/amit/tools/sdk_win_64/sdk_win_64/sdk_win_64/winavr/bin/../lib/gcc/avr/4.3.3/avr5\libgcc.a(_gt_sf.o)
 .debug_info    0x00000c2f      0x27f d:/engineer programs/amit/tools/sdk_win_64/sdk_win_64/sdk_win_64/winavr/bin/../lib/gcc/avr/4.3.3/avr5\libgcc.a(_ge_sf.o)
 .debug_info    0x00000eae      0x27f d:/engineer programs/amit/tools/sdk_win_64/sdk_win_64/sdk_win_64/winavr/bin/../lib/gcc/avr/4.3.3/avr5\libgcc.a(_lt_sf.o)
 .debug_info    0x0000112d      0x2b0 d:/engineer programs/amit/tools/sdk_win_64/sdk_win_64/sdk_win_64/winavr/bin/../lib/gcc/avr/4.3.3/avr5\libgcc.a(_sf_to_si.o)
 .debug_info    0x000013dd      0x12c d:/engineer programs/amit/tools/sdk_win_64/sdk_win_64/sdk_win_64/winavr/bin/../lib/gcc/avr/4.3.3/avr5\libgcc.a(_thenan_sf.o)
 .debug_info    0x00001509      0x2df d:/engineer programs/amit/tools/sdk_win_64/sdk_win_64/sdk_win_64/winavr/bin/../lib/gcc/avr/4.3.3/avr5\libgcc.a(_pack_sf.o)
 .debug_info    0x000017e8      0x251 d:/engineer programs/amit/tools/sdk_win_64/sdk_win_64/sdk_win_64/winavr/bin/../lib/gcc/avr/4.3.3/avr5\libgcc.a(_unpack_sf.o)
 .debug_info    0x00001a39      0x210 d:/engineer programs/amit/tools/sdk_win_64/sdk_win_64/sdk_win_64/winavr/bin/../lib/gcc/avr/4.3.3/avr5\libgcc.a(_fpcmp_parts_sf.o)
 *(.gnu.linkonce.wi.*)

.debug_abbrev   0x00000000      0xeeb
 *(.debug_abbrev)
 .debug_abbrev  0x00000000       0x5d d:/engineer programs/amit/tools/sdk_win_64/sdk_win_64/sdk_win_64/winavr/bin/../lib/gcc/avr/4.3.3/avr5\libgcc.a(_fixunssfsi.o)
 .debug_abbrev  0x0000005d      0x1ea d:/engineer programs/amit/tools/sdk_win_64/sdk_win_64/sdk_win_64/winavr/bin/../lib/gcc/avr/4.3.3/avr5\libgcc.a(_addsub_sf.o)
 .debug_abbrev  0x00000247      0x21b d:/engineer programs/amit/tools/sdk_win_64/sdk_win_64/sdk_win_64/winavr/bin/../lib/gcc/avr/4.3.3/avr5\libgcc.a(_mul_sf.o)
 .debug_abbrev  0x00000462      0x15a d:/engineer programs/amit/tools/sdk_win_64/sdk_win_64/sdk_win_64/winavr/bin/../lib/gcc/avr/4.3.3/avr5\libgcc.a(_gt_sf.o)
 .debug_abbrev  0x000005bc      0x15a d:/engineer programs/amit/tools/sdk_win_64/sdk_win_64/sdk_win_64/winavr/bin/../lib/gcc/avr/4.3.3/avr5\libgcc.a(_ge_sf.o)
 .debug_abbrev  0x00000716      0x15a d:/engineer programs/amit/tools/sdk_win_64/sdk_win_64/sdk_win_64/winavr/bin/../lib/gcc/avr/4.3.3/avr5\libgcc.a(_lt_sf.o)
 .debug_abbrev  0x00000870      0x17f d:/engineer programs/amit/tools/sdk_win_64/sdk_win_64/sdk_win_64/winavr/bin/../lib/gcc/avr/4.3.3/avr5\libgcc.a(_sf_to_si.o)
 .debug_abbrev  0x000009ef       0xad d:/engineer programs/amit/tools/sdk_win_64/sdk_win_64/sdk_win_64/winavr/bin/../lib/gcc/avr/4.3.3/avr5\libgcc.a(_thenan_sf.o)
 .debug_abbrev  0x00000a9c      0x1c0 d:/engineer programs/amit/tools/sdk_win_64/sdk_win_64/sdk_win_64/winavr/bin/../lib/gcc/avr/4.3.3/avr5\libgcc.a(_pack_sf.o)
 .debug_abbrev  0x00000c5c      0x154 d:/engineer programs/amit/tools/sdk_win_64/sdk_win_64/sdk_win_64/winavr/bin/../lib/gcc/avr/4.3.3/avr5\libgcc.a(_unpack_sf.o)
 .debug_abbrev  0x00000db0      0x13b d:/engineer programs/amit/tools/sdk_win_64/sdk_win_64/sdk_win_64/winavr/bin/../lib/gcc/avr/4.3.3/avr5\libgcc.a(_fpcmp_parts_sf.o)

.debug_line     0x00000000      0xdad
 *(.debug_line)
 .debug_line    0x00000000       0xa7 d:/engineer programs/amit/tools/sdk_win_64/sdk_win_64/sdk_win_64/winavr/bin/../lib/gcc/avr/4.3.3/avr5\libgcc.a(_fixunssfsi.o)
 .debug_line    0x000000a7      0x2af d:/engineer programs/amit/tools/sdk_win_64/sdk_win_64/sdk_win_64/winavr/bin/../lib/gcc/avr/4.3.3/avr5\libgcc.a(_addsub_sf.o)
 .debug_line    0x00000356      0x239 d:/engineer programs/amit/tools/sdk_win_64/sdk_win_64/sdk_win_64/winavr/bin/../lib/gcc/avr/4.3.3/avr5\libgcc.a(_mul_sf.o)
 .debug_line    0x0000058f       0xd3 d:/engineer programs/amit/tools/sdk_win_64/sdk_win_64/sdk_win_64/winavr/bin/../lib/gcc/avr/4.3.3/avr5\libgcc.a(_gt_sf.o)
 .debug_line    0x00000662       0xd3 d:/engineer programs/amit/tools/sdk_win_64/sdk_win_64/sdk_win_64/winavr/bin/../lib/gcc/avr/4.3.3/avr5\libgcc.a(_ge_sf.o)
 .debug_line    0x00000735       0xd3 d:/engineer programs/amit/tools/sdk_win_64/sdk_win_64/sdk_win_64/winavr/bin/../lib/gcc/avr/4.3.3/avr5\libgcc.a(_lt_sf.o)
 .debug_line    0x00000808      0x109 d:/engineer programs/amit/tools/sdk_win_64/sdk_win_64/sdk_win_64/winavr/bin/../lib/gcc/avr/4.3.3/avr5\libgcc.a(_sf_to_si.o)
 .debug_line    0x00000911       0x90 d:/engineer programs/amit/tools/sdk_win_64/sdk_win_64/sdk_win_64/winavr/bin/../lib/gcc/avr/4.3.3/avr5\libgcc.a(_thenan_sf.o)
 .debug_line    0x000009a1      0x18a d:/engineer programs/amit/tools/sdk_win_64/sdk_win_64/sdk_win_64/winavr/bin/../lib/gcc/avr/4.3.3/avr5\libgcc.a(_pack_sf.o)
 .debug_line    0x00000b2b      0x14b d:/engineer programs/amit/tools/sdk_win_64/sdk_win_64/sdk_win_64/winavr/bin/../lib/gcc/avr/4.3.3/avr5\libgcc.a(_unpack_sf.o)
 .debug_line    0x00000c76      0x137 d:/engineer programs/amit/tools/sdk_win_64/sdk_win_64/sdk_win_64/winavr/bin/../lib/gcc/avr/4.3.3/avr5\libgcc.a(_fpcmp_parts_sf.o)

.debug_frame    0x00000000      0x160
 *(.debug_frame)
 .debug_frame   0x00000000       0x20 d:/engineer programs/amit/tools/sdk_win_64/sdk_win_64/sdk_win_64/winavr/bin/../lib/gcc/avr/4.3.3/avr5\libgcc.a(_fixunssfsi.o)
 .debug_frame   0x00000020       0x40 d:/engineer programs/amit/tools/sdk_win_64/sdk_win_64/sdk_win_64/winavr/bin/../lib/gcc/avr/4.3.3/avr5\libgcc.a(_addsub_sf.o)
 .debug_frame   0x00000060       0x20 d:/engineer programs/amit/tools/sdk_win_64/sdk_win_64/sdk_win_64/winavr/bin/../lib/gcc/avr/4.3.3/avr5\libgcc.a(_mul_sf.o)
 .debug_frame   0x00000080       0x20 d:/engineer programs/amit/tools/sdk_win_64/sdk_win_64/sdk_win_64/winavr/bin/../lib/gcc/avr/4.3.3/avr5\libgcc.a(_gt_sf.o)
 .debug_frame   0x000000a0       0x20 d:/engineer programs/amit/tools/sdk_win_64/sdk_win_64/sdk_win_64/winavr/bin/../lib/gcc/avr/4.3.3/avr5\libgcc.a(_ge_sf.o)
 .debug_frame   0x000000c0       0x20 d:/engineer programs/amit/tools/sdk_win_64/sdk_win_64/sdk_win_64/winavr/bin/../lib/gcc/avr/4.3.3/avr5\libgcc.a(_lt_sf.o)
 .debug_frame   0x000000e0       0x20 d:/engineer programs/amit/tools/sdk_win_64/sdk_win_64/sdk_win_64/winavr/bin/../lib/gcc/avr/4.3.3/avr5\libgcc.a(_sf_to_si.o)
 .debug_frame   0x00000100       0x20 d:/engineer programs/amit/tools/sdk_win_64/sdk_win_64/sdk_win_64/winavr/bin/../lib/gcc/avr/4.3.3/avr5\libgcc.a(_pack_sf.o)
 .debug_frame   0x00000120       0x20 d:/engineer programs/amit/tools/sdk_win_64/sdk_win_64/sdk_win_64/winavr/bin/../lib/gcc/avr/4.3.3/avr5\libgcc.a(_unpack_sf.o)
 .debug_frame   0x00000140       0x20 d:/engineer programs/amit/tools/sdk_win_64/sdk_win_64/sdk_win_64/winavr/bin/../lib/gcc/avr/4.3.3/avr5\libgcc.a(_fpcmp_parts_sf.o)

.debug_str      0x00000000      0x28d
 *(.debug_str)
 .debug_str     0x00000000       0xbf d:/engineer programs/amit/tools/sdk_win_64/sdk_win_64/sdk_win_64/winavr/bin/../lib/gcc/avr/4.3.3/avr5\libgcc.a(_fixunssfsi.o)
                                 0xfe (size before relaxing)
 .debug_str     0x000000bf      0x14d d:/engineer programs/amit/tools/sdk_win_64/sdk_win_64/sdk_win_64/winavr/bin/../lib/gcc/avr/4.3.3/avr5\libgcc.a(_addsub_sf.o)
                                0x206 (size before relaxing)
 .debug_str     0x0000020c       0x27 d:/engineer programs/amit/tools/sdk_win_64/sdk_win_64/sdk_win_64/winavr/bin/../lib/gcc/avr/4.3.3/avr5\libgcc.a(_mul_sf.o)
                                0x1bf (size before relaxing)
 .debug_str     0x00000233        0xf d:/engineer programs/amit/tools/sdk_win_64/sdk_win_64/sdk_win_64/winavr/bin/../lib/gcc/avr/4.3.3/avr5\libgcc.a(_gt_sf.o)
                                0x195 (size before relaxing)
 .debug_str     0x00000242        0x8 d:/engineer programs/amit/tools/sdk_win_64/sdk_win_64/sdk_win_64/winavr/bin/../lib/gcc/avr/4.3.3/avr5\libgcc.a(_ge_sf.o)
                                0x195 (size before relaxing)
 .debug_str     0x0000024a        0x8 d:/engineer programs/amit/tools/sdk_win_64/sdk_win_64/sdk_win_64/winavr/bin/../lib/gcc/avr/4.3.3/avr5\libgcc.a(_lt_sf.o)
                                0x195 (size before relaxing)
 .debug_str     0x00000252        0xa d:/engineer programs/amit/tools/sdk_win_64/sdk_win_64/sdk_win_64/winavr/bin/../lib/gcc/avr/4.3.3/avr5\libgcc.a(_sf_to_si.o)
                                0x19e (size before relaxing)
 .debug_str     0x00000000      0x103 d:/engineer programs/amit/tools/sdk_win_64/sdk_win_64/sdk_win_64/winavr/bin/../lib/gcc/avr/4.3.3/avr5\libgcc.a(_thenan_sf.o)
 .debug_str     0x0000025c       0x16 d:/engineer programs/amit/tools/sdk_win_64/sdk_win_64/sdk_win_64/winavr/bin/../lib/gcc/avr/4.3.3/avr5\libgcc.a(_pack_sf.o)
                                0x19d (size before relaxing)
 .debug_str     0x00000272        0xb d:/engineer programs/amit/tools/sdk_win_64/sdk_win_64/sdk_win_64/winavr/bin/../lib/gcc/avr/4.3.3/avr5\libgcc.a(_unpack_sf.o)
                                0x17f (size before relaxing)
 .debug_str     0x0000027d       0x10 d:/engineer programs/amit/tools/sdk_win_64/sdk_win_64/sdk_win_64/winavr/bin/../lib/gcc/avr/4.3.3/avr5\libgcc.a(_fpcmp_parts_sf.o)
                                0x163 (size before relaxing)

.debug_loc      0x00000000      0x7ce
 *(.debug_loc)
 .debug_loc     0x00000000       0x34 d:/engineer programs/amit/tools/sdk_win_64/sdk_win_64/sdk_win_64/winavr/bin/../lib/gcc/avr/4.3.3/avr5\libgcc.a(_fixunssfsi.o)
 .debug_loc     0x00000034      0x32a d:/engineer programs/amit/tools/sdk_win_64/sdk_win_64/sdk_win_64/winavr/bin/../lib/gcc/avr/4.3.3/avr5\libgcc.a(_addsub_sf.o)
 .debug_loc     0x0000035e      0x104 d:/engineer programs/amit/tools/sdk_win_64/sdk_win_64/sdk_win_64/winavr/bin/../lib/gcc/avr/4.3.3/avr5\libgcc.a(_mul_sf.o)
 .debug_loc     0x00000462       0x3c d:/engineer programs/amit/tools/sdk_win_64/sdk_win_64/sdk_win_64/winavr/bin/../lib/gcc/avr/4.3.3/avr5\libgcc.a(_gt_sf.o)
 .debug_loc     0x0000049e       0x3c d:/engineer programs/amit/tools/sdk_win_64/sdk_win_64/sdk_win_64/winavr/bin/../lib/gcc/avr/4.3.3/avr5\libgcc.a(_ge_sf.o)
 .debug_loc     0x000004da       0x3c d:/engineer programs/amit/tools/sdk_win_64/sdk_win_64/sdk_win_64/winavr/bin/../lib/gcc/avr/4.3.3/avr5\libgcc.a(_lt_sf.o)
 .debug_loc     0x00000516       0x7e d:/engineer programs/amit/tools/sdk_win_64/sdk_win_64/sdk_win_64/winavr/bin/../lib/gcc/avr/4.3.3/avr5\libgcc.a(_sf_to_si.o)
 .debug_loc     0x00000594      0x13e d:/engineer programs/amit/tools/sdk_win_64/sdk_win_64/sdk_win_64/winavr/bin/../lib/gcc/avr/4.3.3/avr5\libgcc.a(_pack_sf.o)
 .debug_loc     0x000006d2       0xac d:/engineer programs/amit/tools/sdk_win_64/sdk_win_64/sdk_win_64/winavr/bin/../lib/gcc/avr/4.3.3/avr5\libgcc.a(_unpack_sf.o)
 .debug_loc     0x0000077e       0x50 d:/engineer programs/amit/tools/sdk_win_64/sdk_win_64/sdk_win_64/winavr/bin/../lib/gcc/avr/4.3.3/avr5\libgcc.a(_fpcmp_parts_sf.o)

.debug_macinfo
 *(.debug_macinfo)
OUTPUT(EEPROM_DRIVER_PRO.elf elf32-avr)
LOAD linker stubs

.debug_ranges   0x00000000       0x50
 .debug_ranges  0x00000000       0x50 d:/engineer programs/amit/tools/sdk_win_64/sdk_win_64/sdk_win_64/winavr/bin/../lib/gcc/avr/4.3.3/avr5\libgcc.a(_mul_sf.o)
